// Jest Snapshot v1, https://goo.gl/fbAQLP

exports[`App App Matches Snapshot snapshot matches 1`] = `
<div
  className="App"
/>
`;
